../Core/Src/main.c:260:5:main	8	static
../Core/Src/main.c:342:6:SystemClock_Config	88	static
../Core/Src/main.c:390:13:MX_DAC_Init	16	static
../Core/Src/main.c:430:13:MX_TIM3_Init	64	static
../Core/Src/main.c:489:13:MX_TIM6_Init	16	static
../Core/Src/main.c:527:13:MX_USART2_UART_Init	8	static
../Core/Src/main.c:558:13:MX_DMA_Init	16	static
../Core/Src/main.c:576:13:MX_GPIO_Init	48	static
../Core/Src/main.c:611:6:Play_Tone	24	static
../Core/Src/main.c:625:6:Play_Song	24	static
../Core/Src/main.c:634:6:Play_Oogway_DAC	48	static
../Core/Src/main.c:663:6:Error_Handler	4	static,ignoring_inline_asm
