../Core/Src/main.c:256:5:main	8	static
../Core/Src/main.c:338:6:SystemClock_Config	88	static
../Core/Src/main.c:386:13:MX_DAC_Init	16	static
../Core/Src/main.c:426:13:MX_TIM3_Init	64	static
../Core/Src/main.c:485:13:MX_TIM6_Init	16	static
../Core/Src/main.c:523:13:MX_USART2_UART_Init	8	static
../Core/Src/main.c:554:13:MX_DMA_Init	16	static
../Core/Src/main.c:572:13:MX_GPIO_Init	48	static
../Core/Src/main.c:607:6:Play_Tone	24	static
../Core/Src/main.c:621:6:Play_Song	24	static
../Core/Src/main.c:629:6:Play_Oogway_DAC	48	static
../Core/Src/main.c:672:6:Error_Handler	4	static,ignoring_inline_asm
